// Jest Snapshot v1, https://goo.gl/fbAQLP

exports[`custom Node.js inspect function should properly format numbers 1`] = `
"Matrix {
  [
    0        1        2        3        4        5        6        7        8        9       
    0.123457 1.234568 12.34568 123.4568 1234.568 12345.68 123456.8 1234568  12345679 1.235e+8
    0.123457 0.012346 0.001235 1.235e-4 1.235e-5 1.235e-6 1.235e-7 1.235e-8 1.235e-9 1.23e-10
    0.123    1.23     12.3     123      1230     12300    123000   1230000  12300000 1.230e+8
    0.123    0.0123   0.00123  0.000123 1.230e-5 1.230e-6 1.23e-7  1.23e-8  1.230e-9 1.23e-10
    0.12     1.2      12       120      1200     12000    120000   1200000  12000000 1.200e+8
    0.12     0.012    0.0012   1.200e-4 0.000012 1.200e-6 1.2e-7   1.2e-8   1.2e-9   1.2e-10 
  ]
  rows: 7
  columns: 10
}"
`;

exports[`custom Node.js inspect function should properly format numbers 2`] = `
"Matrix {
  [
     0        1        2        3        4        5        6        7        8        9      
     0.12346 -1.23457  12.3457 -123.457  1234.57 -12345.7  123457  -1234568  1.23e+7 -1.23e+8
    -0.12346  0.01235 -0.00123  1.23e-4 -0.00001  1.23e-6 -0.00000  1.23e-8 -0.00000  1.2e-10
     0.123   -1.23     12.3    -123      1230    -12300    123000  -1230000  1.23e+7 -1.23e+8
    -0.123    0.0123  -0.00123  1.23e-4 -0.00001  1.23e-6 -1.23e-7  1.23e-8 -0.00000  1.2e-10
     0.12    -1.2      12      -120      1200    -12000    120000  -1200000  1.20e+7 -1.20e+8
    -0.12     0.012   -0.0012   1.20e-4 -0.00001  1.20e-6 -1.2e-7   1.2e-8  -1.2e-9   1.2e-10
  ]
  rows: 7
  columns: 10
}"
`;

exports[`custom Node.js inspect function should work with a simple matrix 1`] = `
"Matrix {
  [
     0        10       200    
    -0.3     -0.44    -0.5555 
  ]
  rows: 2
  columns: 3
}"
`;
